This is pdfTeX, Version 3.141592653-2.6-1.40.25 (TeX Live 2023/Debian) (preloaded format=pdflatex 2026.8.25)  28 AUG 2026 16:29
entering extended mode
 restricted \write18 enabled.
 %&-line parsing enabled.
**artigo.tex
(./artigo.tex
LaTeX2e <2023-11-01> patch level 1
L3 programming layer <2024-01-22>
(/usr/share/texlive/texmf-dist/tex/latex/elsarticle/elsarticle.cls
Document Class: elsarticle 2020/11/20, 3.3: Elsevier Ltd
(/usr/share/texlive/texmf-dist/tex/latex/l3kernel/expl3.sty
Package: expl3 2024-01-22 L3 programming layer (loader) 

(/usr/share/texlive/texmf-dist/tex/latex/l3backend/l3backend-pdftex.def
File: l3backend-pdftex.def 2024-01-04 L3 backend support: PDF output (pdfTeX)
\l__color_backend_stack_int=\count187
\l__pdf_internal_box=\box51
))
(/usr/share/texlive/texmf-dist/tex/latex/l3packages/xparse/xparse.sty
Package: xparse 2023-10-10 L3 Experimental document command parser
)
(/usr/share/texlive/texmf-dist/tex/latex/etoolbox/etoolbox.sty
Package: etoolbox 2020/10/05 v2.5k e-TeX tools for LaTeX (JAW)
\etb@tempcnta=\count188
)
\@bls=\dimen140

(/usr/share/texlive/texmf-dist/tex/latex/base/article.cls
Document Class: article 2023/05/17 v1.4n Standard LaTeX document class
(/usr/share/texlive/texmf-dist/tex/latex/base/size10.clo
File: size10.clo 2023/05/17 v1.4n Standard LaTeX file (size option)
)
\c@part=\count189
\c@section=\count190
\c@subsection=\count191
\c@subsubsection=\count192
\c@paragraph=\count193
\c@subparagraph=\count194
\c@figure=\count195
\c@table=\count196
\abovecaptionskip=\skip48
\belowcaptionskip=\skip49
\bibindent=\dimen141
)
(/usr/share/texlive/texmf-dist/tex/latex/graphics/graphicx.sty
Package: graphicx 2021/09/16 v1.2d Enhanced LaTeX Graphics (DPC,SPQR)

(/usr/share/texlive/texmf-dist/tex/latex/graphics/keyval.sty
Package: keyval 2022/05/29 v1.15 key=value parser (DPC)
\KV@toks@=\toks17
)
(/usr/share/texlive/texmf-dist/tex/latex/graphics/graphics.sty
Package: graphics 2022/03/10 v1.4e Standard LaTeX Graphics (DPC,SPQR)

(/usr/share/texlive/texmf-dist/tex/latex/graphics/trig.sty
Package: trig 2021/08/11 v1.11 sin cos tan (DPC)
)
(/usr/share/texlive/texmf-dist/tex/latex/graphics-cfg/graphics.cfg
File: graphics.cfg 2016/06/04 v1.11 sample graphics configuration
)
Package graphics Info: Driver file: pdftex.def on input line 107.

(/usr/share/texlive/texmf-dist/tex/latex/graphics-def/pdftex.def
File: pdftex.def 2022/09/22 v1.2b Graphics/color driver for pdftex
))
\Gin@req@height=\dimen142
\Gin@req@width=\dimen143
)
\c@tnote=\count197
\c@fnote=\count198
\c@cnote=\count199
\c@ead=\count266
\c@author=\count267
\@eadauthor=\toks18
\c@affn=\count268
\absbox=\box52
\elsarticlehighlightsbox=\box53
\elsarticlegrabsbox=\box54
\keybox=\box55
\Columnwidth=\dimen144
\space@left=\dimen145
\els@boxa=\box56
\els@boxb=\box57
\leftMargin=\dimen146
\@enLab=\toks19
\@sep=\skip50
\@@sep=\skip51

(./artigo.spl) (/usr/share/texlive/texmf-dist/tex/latex/natbib/natbib.sty
Package: natbib 2010/09/13 8.31b (PWD, AO)
\bibhang=\skip52
\bibsep=\skip53
LaTeX Info: Redefining \cite on input line 694.
\c@NAT@ctr=\count269
)
\splwrite=\write3
\openout3 = `artigo.spl'.

\appnamewidth=\dimen147
)
(/usr/share/texlive/texmf-dist/tex/latex/amsfonts/amssymb.sty
Package: amssymb 2013/01/14 v3.01 AMS font symbols

(/usr/share/texlive/texmf-dist/tex/latex/amsfonts/amsfonts.sty
Package: amsfonts 2013/01/14 v3.01 Basic AMSFonts support
\@emptytoks=\toks20
\symAMSa=\mathgroup4
\symAMSb=\mathgroup5
LaTeX Font Info:    Redeclaring math symbol \hbar on input line 98.
LaTeX Font Info:    Overwriting math alphabet `\mathfrak' in version `bold'
(Font)                  U/euf/m/n --> U/euf/b/n on input line 106.
))
(/usr/share/texlive/texmf-dist/tex/latex/multirow/multirow.sty
Package: multirow 2021/03/15 v2.8 Span multiple rows of a table
\multirow@colwidth=\skip54
\multirow@cntb=\count270
\multirow@dima=\skip55
\bigstrutjot=\dimen148
)
(/usr/share/texlive/texmf-dist/tex/latex/booktabs/booktabs.sty
Package: booktabs 2020/01/12 v1.61803398 Publication quality tables
\heavyrulewidth=\dimen149
\lightrulewidth=\dimen150
\cmidrulewidth=\dimen151
\belowrulesep=\dimen152
\belowbottomsep=\dimen153
\aboverulesep=\dimen154
\abovetopsep=\dimen155
\cmidrulesep=\dimen156
\cmidrulekern=\dimen157
\defaultaddspace=\dimen158
\@cmidla=\count271
\@cmidlb=\count272
\@aboverulesep=\dimen159
\@belowrulesep=\dimen160
\@thisruleclass=\count273
\@lastruleclass=\count274
\@thisrulewidth=\dimen161
)
(/usr/share/texlive/texmf-dist/tex/latex/hyperref/hyperref.sty
Package: hyperref 2024-01-20 v7.01h Hypertext links for LaTeX

(/usr/share/texlive/texmf-dist/tex/generic/iftex/iftex.sty
Package: iftex 2022/02/03 v1.0f TeX engine tests
)
(/usr/share/texlive/texmf-dist/tex/latex/kvsetkeys/kvsetkeys.sty
Package: kvsetkeys 2022-10-05 v1.19 Key value parser (HO)
)
(/usr/share/texlive/texmf-dist/tex/generic/kvdefinekeys/kvdefinekeys.sty
Package: kvdefinekeys 2019-12-19 v1.6 Define keys (HO)
)
(/usr/share/texlive/texmf-dist/tex/generic/pdfescape/pdfescape.sty
Package: pdfescape 2019/12/09 v1.15 Implements pdfTeX's escape features (HO)

(/usr/share/texlive/texmf-dist/tex/generic/ltxcmds/ltxcmds.sty
Package: ltxcmds 2023-12-04 v1.26 LaTeX kernel commands for general use (HO)
)
(/usr/share/texlive/texmf-dist/tex/generic/pdftexcmds/pdftexcmds.sty
Package: pdftexcmds 2020-06-27 v0.33 Utility functions of pdfTeX for LuaTeX (HO
)

(/usr/share/texlive/texmf-dist/tex/generic/infwarerr/infwarerr.sty
Package: infwarerr 2019/12/03 v1.5 Providing info/warning/error messages (HO)
)
Package pdftexcmds Info: \pdf@primitive is available.
Package pdftexcmds Info: \pdf@ifprimitive is available.
Package pdftexcmds Info: \pdfdraftmode found.
))
(/usr/share/texlive/texmf-dist/tex/latex/hycolor/hycolor.sty
Package: hycolor 2020-01-27 v1.10 Color options for hyperref/bookmark (HO)
)
(/usr/share/texlive/texmf-dist/tex/latex/auxhook/auxhook.sty
Package: auxhook 2019-12-17 v1.6 Hooks for auxiliary files (HO)
)
(/usr/share/texlive/texmf-dist/tex/latex/hyperref/nameref.sty
Package: nameref 2023-11-26 v2.56 Cross-referencing by name of section

(/usr/share/texlive/texmf-dist/tex/latex/refcount/refcount.sty
Package: refcount 2019/12/15 v3.6 Data extraction from label references (HO)
)
(/usr/share/texlive/texmf-dist/tex/generic/gettitlestring/gettitlestring.sty
Package: gettitlestring 2019/12/15 v1.6 Cleanup title references (HO)

(/usr/share/texlive/texmf-dist/tex/latex/kvoptions/kvoptions.sty
Package: kvoptions 2022-06-15 v3.15 Key value format for package options (HO)
))
\c@section@level=\count275
)
\@linkdim=\dimen162
\Hy@linkcounter=\count276
\Hy@pagecounter=\count277

(/usr/share/texlive/texmf-dist/tex/latex/hyperref/pd1enc.def
File: pd1enc.def 2024-01-20 v7.01h Hyperref: PDFDocEncoding definition (HO)
Now handling font encoding PD1 ...
... no UTF-8 mapping file for font encoding PD1
)
(/usr/share/texlive/texmf-dist/tex/generic/intcalc/intcalc.sty
Package: intcalc 2019/12/15 v1.3 Expandable calculations with integers (HO)
)
\Hy@SavedSpaceFactor=\count278

(/usr/share/texlive/texmf-dist/tex/latex/hyperref/puenc.def
File: puenc.def 2024-01-20 v7.01h Hyperref: PDF Unicode definition (HO)
Now handling font encoding PU ...
... no UTF-8 mapping file for font encoding PU
)
Package hyperref Info: Option `colorlinks' set `true' on input line 4062.
Package hyperref Info: Hyper figures OFF on input line 4179.
Package hyperref Info: Link nesting OFF on input line 4184.
Package hyperref Info: Hyper index ON on input line 4187.
Package hyperref Info: Plain pages OFF on input line 4194.
Package hyperref Info: Backreferencing OFF on input line 4199.
Package hyperref Info: Implicit mode ON; LaTeX internals redefined.
Package hyperref Info: Bookmarks ON on input line 4446.
\c@Hy@tempcnt=\count279

(/usr/share/texlive/texmf-dist/tex/latex/url/url.sty
\Urlmuskip=\muskip16
Package: url 2013/09/16  ver 3.4  Verb mode for urls, etc.
)
LaTeX Info: Redefining \url on input line 4784.
\XeTeXLinkMargin=\dimen163

(/usr/share/texlive/texmf-dist/tex/generic/bitset/bitset.sty
Package: bitset 2019/12/09 v1.3 Handle bit-vector datatype (HO)

(/usr/share/texlive/texmf-dist/tex/generic/bigintcalc/bigintcalc.sty
Package: bigintcalc 2019/12/15 v1.5 Expandable calculations on big integers (HO
)
))
\Fld@menulength=\count280
\Field@Width=\dimen164
\Fld@charsize=\dimen165
Package hyperref Info: Hyper figures OFF on input line 6063.
Package hyperref Info: Link nesting OFF on input line 6068.
Package hyperref Info: Hyper index ON on input line 6071.
Package hyperref Info: backreferencing OFF on input line 6078.
Package hyperref Info: Link coloring ON on input line 6081.
Package hyperref Info: Link coloring with OCG OFF on input line 6088.
Package hyperref Info: PDF/A mode OFF on input line 6093.

(/usr/share/texlive/texmf-dist/tex/latex/base/atbegshi-ltx.sty
Package: atbegshi-ltx 2021/01/10 v1.0c Emulation of the original atbegshi
package with kernel methods
)
\Hy@abspage=\count281
\c@Item=\count282
\c@Hfootnote=\count283
)
Package hyperref Info: Driver (autodetected): hpdftex.

(/usr/share/texlive/texmf-dist/tex/latex/hyperref/hpdftex.def
File: hpdftex.def 2024-01-20 v7.01h Hyperref driver for pdfTeX

(/usr/share/texlive/texmf-dist/tex/latex/base/atveryend-ltx.sty
Package: atveryend-ltx 2020/08/19 v1.0a Emulation of the original atveryend pac
kage
with kernel methods
)
\Fld@listcount=\count284
\c@bookmark@seq@number=\count285

(/usr/share/texlive/texmf-dist/tex/latex/rerunfilecheck/rerunfilecheck.sty
Package: rerunfilecheck 2022-07-10 v1.10 Rerun checks for auxiliary files (HO)

(/usr/share/texlive/texmf-dist/tex/generic/uniquecounter/uniquecounter.sty
Package: uniquecounter 2019/12/15 v1.4 Provide unlimited unique counter (HO)
)
Package uniquecounter Info: New unique counter `rerunfilecheck' on input line 2
85.
)
\Hy@SectionHShift=\skip56
)
(/usr/share/texlive/texmf-dist/tex/latex/subfig/subfig.sty
Package: subfig 2005/06/28 ver: 1.3 subfig package

(/usr/share/texlive/texmf-dist/tex/latex/caption/caption.sty
Package: caption 2023/08/05 v3.6o Customizing captions (AR)

(/usr/share/texlive/texmf-dist/tex/latex/caption/caption3.sty
Package: caption3 2023/07/31 v2.4d caption3 kernel (AR)
\caption@tempdima=\dimen166
\captionmargin=\dimen167
\caption@leftmargin=\dimen168
\caption@rightmargin=\dimen169
\caption@width=\dimen170
\caption@indent=\dimen171
\caption@parindent=\dimen172
\caption@hangindent=\dimen173
Package caption Info: elsarticle document class detected.

(/usr/share/texlive/texmf-dist/tex/latex/caption/caption-elsarticle.sto
File: caption-elsarticle.sto 2020/08/22 v2.0 Adaption of the caption package to
 the elsarticle document class (AR)
))
\c@caption@flags=\count286
\c@continuedfloat=\count287
Package caption Info: hyperref package is loaded.
)
\c@KVtest=\count288
\sf@farskip=\skip57
\sf@captopadj=\dimen174
\sf@capskip=\skip58
\sf@nearskip=\skip59
\c@subfigure=\count289
\c@subfigure@save=\count290
\c@lofdepth=\count291
\c@subtable=\count292
\c@subtable@save=\count293
\c@lotdepth=\count294
\sf@top=\skip60
\sf@bottom=\skip61
)
(/usr/share/texlive/texmf-dist/tex/latex/carlisle/scalefnt.sty)
(/usr/share/texlive/texmf-dist/tex/generic/babel/babel.sty
Package: babel 2024/01/07 v24.1 The Babel package
\babel@savecnt=\count295
\U@D=\dimen175
\l@unhyphenated=\language89

(/usr/share/texlive/texmf-dist/tex/generic/babel/txtbabel.def)
\bbl@readstream=\read2
\bbl@dirlevel=\count296

(/usr/share/texlive/texmf-dist/tex/generic/babel-portuges/brazilian.ldf
Language: portuges 2021/07/09 v1.2t Portuguese support from the babel system
Package babel Info: Hyphen rules for 'brazilian' set to \l@portuguese
(babel)             (\language60). Reported on input line 111.
Package babel Info: Making " an active character on input line 143.
))
(/usr/share/texlive/texmf-dist/tex/generic/babel/locale/pt/babel-brazilian.tex
Package babel Info: Importing font and identification data for brazilian
(babel)             from babel-pt-BR.ini. Reported on input line 11.
) (/usr/share/texlive/texmf-dist/tex/latex/base/inputenc.sty
Package: inputenc 2021/02/14 v1.3d Input encoding file
\inpenc@prehook=\toks21
\inpenc@posthook=\toks22
)
(/usr/share/texlive/texmf-dist/tex/latex/base/fontenc.sty
Package: fontenc 2021/04/29 v2.0v Standard LaTeX package
)
(/usr/share/texlive/texmf-dist/tex/latex/units/units.sty
Package: units 1998/08/04 v0.9b Typesetting units

(/usr/share/texlive/texmf-dist/tex/latex/base/ifthen.sty
Package: ifthen 2022/04/13 v1.1d Standard LaTeX ifthen package (DPC)
)
(/usr/share/texlive/texmf-dist/tex/latex/units/nicefrac.sty
Package: nicefrac 1998/08/04 v0.9b Nice fractions
\L@UnitsRaiseDisplaystyle=\skip62
\L@UnitsRaiseTextstyle=\skip63
\L@UnitsRaiseScriptstyle=\skip64
))
(/usr/share/texlive/texmf-dist/tex/latex/amsmath/amsbsy.sty
Package: amsbsy 1999/11/29 v1.2d Bold Symbols

(/usr/share/texlive/texmf-dist/tex/latex/amsmath/amsgen.sty
File: amsgen.sty 1999/11/30 v2.0 generic functions
\@emptytoks=\toks23
\ex@=\dimen176
)
\pmbraise@=\dimen177
)
(/usr/share/texlive/texmf-dist/tex/latex/amsmath/amstext.sty
Package: amstext 2021/08/26 v2.01 AMS text
)
(/usr/share/texlive/texmf-dist/tex/latex/graphics/rotating.sty
Package: rotating 2016/08/11 v2.16d rotated objects in LaTeX
\c@r@tfl@t=\count297
\rotFPtop=\skip65
\rotFPbot=\skip66
\rot@float@box=\box58
\rot@mess@toks=\toks24
)
(/usr/share/texlive/texmf-dist/tex/latex/xcolor/xcolor.sty
Package: xcolor 2023/11/15 v3.01 LaTeX color extensions (UK)

(/usr/share/texlive/texmf-dist/tex/latex/graphics-cfg/color.cfg
File: color.cfg 2016/01/02 v1.6 sample color configuration
)
Package xcolor Info: Driver file: pdftex.def on input line 274.

(/usr/share/texlive/texmf-dist/tex/latex/graphics/mathcolor.ltx)
Package xcolor Info: Model `cmy' substituted by `cmy0' on input line 1350.
Package xcolor Info: Model `hsb' substituted by `rgb' on input line 1354.
Package xcolor Info: Model `RGB' extended on input line 1366.
Package xcolor Info: Model `HTML' substituted by `rgb' on input line 1368.
Package xcolor Info: Model `Hsb' substituted by `hsb' on input line 1369.
Package xcolor Info: Model `tHsb' substituted by `hsb' on input line 1370.
Package xcolor Info: Model `HSB' substituted by `hsb' on input line 1371.
Package xcolor Info: Model `Gray' substituted by `gray' on input line 1372.
Package xcolor Info: Model `wave' substituted by `hsb' on input line 1373.
)
(/usr/share/texlive/texmf-dist/tex/latex/float/float.sty
Package: float 2001/11/08 v1.3d Float enhancements (AL)
\c@float@type=\count298
\float@exts=\toks25
\float@box=\box59
\@float@everytoks=\toks26
\@floatcapt=\box60
)
(/usr/share/texlive/texmf-dist/tex/latex/placeins/placeins.sty
Package: placeins 2005/04/18  v 2.2
)
(/usr/share/texlive/texmf-dist/tex/latex/tools/verbatim.sty
Package: verbatim 2023-11-06 v1.5v LaTeX2e package for verbatim enhancements
\every@verbatim=\toks27
\verbatim@line=\toks28
\verbatim@in@stream=\read3
)
(/usr/share/texlive/texmf-dist/tex/generic/bibtex/apalike.sty)
\@float@every@figure=\toks29
\@float@every@table=\toks30

(/usr/share/texlive/texmf-dist/tex/latex/amsmath/amsmath.sty
Package: amsmath 2023/05/13 v2.17o AMS math features
\@mathmargin=\skip67

For additional information on amsmath, use the `?' option.
(/usr/share/texlive/texmf-dist/tex/latex/amsmath/amsopn.sty
Package: amsopn 2022/04/08 v2.04 operator names
)
\inf@bad=\count299
LaTeX Info: Redefining \frac on input line 234.
\uproot@=\count300
\leftroot@=\count301
LaTeX Info: Redefining \overline on input line 399.
LaTeX Info: Redefining \colon on input line 410.
\classnum@=\count302
\DOTSCASE@=\count303
LaTeX Info: Redefining \ldots on input line 496.
LaTeX Info: Redefining \dots on input line 499.
LaTeX Info: Redefining \cdots on input line 620.
\Mathstrutbox@=\box61
\strutbox@=\box62
LaTeX Info: Redefining \big on input line 722.
LaTeX Info: Redefining \Big on input line 723.
LaTeX Info: Redefining \bigg on input line 724.
LaTeX Info: Redefining \Bigg on input line 725.
\big@size=\dimen178
LaTeX Font Info:    Redeclaring font encoding OML on input line 743.
LaTeX Font Info:    Redeclaring font encoding OMS on input line 744.
\macc@depth=\count304
LaTeX Info: Redefining \bmod on input line 905.
LaTeX Info: Redefining \pmod on input line 910.
LaTeX Info: Redefining \smash on input line 940.
LaTeX Info: Redefining \relbar on input line 970.
LaTeX Info: Redefining \Relbar on input line 971.
\c@MaxMatrixCols=\count305
\dotsspace@=\muskip17
\c@parentequation=\count306
\dspbrk@lvl=\count307
\tag@help=\toks31
\row@=\count308
\column@=\count309
\maxfields@=\count310
\andhelp@=\toks32
\eqnshift@=\dimen179
\alignsep@=\dimen180
\tagshift@=\dimen181
\tagwidth@=\dimen182
\totwidth@=\dimen183
\lineht@=\dimen184
\@envbody=\toks33
\multlinegap=\skip68
\multlinetaggap=\skip69
\mathdisplay@stack=\toks34
LaTeX Info: Redefining \[ on input line 2953.
LaTeX Info: Redefining \] on input line 2954.
)
(/usr/share/texlive/texmf-dist/tex/generic/ulem/ulem.sty
\UL@box=\box63
\UL@hyphenbox=\box64
\UL@skip=\skip70
\UL@hook=\toks35
\UL@height=\dimen185
\UL@pe=\count311
\UL@pixel=\dimen186
\ULC@box=\box65
Package: ulem 2019/11/18
\ULdepth=\dimen187
)
(/usr/share/texlive/texmf-dist/tex/latex/pdflscape/pdflscape.sty
Package: pdflscape 2022-10-27 v0.13 Display of landscape pages in PDF

(/usr/share/texlive/texmf-dist/tex/latex/pdflscape/pdflscape-nometadata.sty
Package: pdflscape-nometadata 2022-10-28 v0.13 Display of landscape pages in PD
F (HO)

(/usr/share/texlive/texmf-dist/tex/latex/graphics/lscape.sty
Package: lscape 2020/05/28 v3.02 Landscape Pages (DPC)
)
Package pdflscape Info: Auto-detected driver: pdftex on input line 81.
)) (./artigo.aux)
\openout1 = `artigo.aux'.

LaTeX Font Info:    Checking defaults for OML/cmm/m/it on input line 54.
LaTeX Font Info:    ... okay on input line 54.
LaTeX Font Info:    Checking defaults for OMS/cmsy/m/n on input line 54.
LaTeX Font Info:    ... okay on input line 54.
LaTeX Font Info:    Checking defaults for OT1/cmr/m/n on input line 54.
LaTeX Font Info:    ... okay on input line 54.
LaTeX Font Info:    Checking defaults for T1/cmr/m/n on input line 54.
LaTeX Font Info:    ... okay on input line 54.
LaTeX Font Info:    Checking defaults for TS1/cmr/m/n on input line 54.
LaTeX Font Info:    ... okay on input line 54.
LaTeX Font Info:    Checking defaults for OMX/cmex/m/n on input line 54.
LaTeX Font Info:    ... okay on input line 54.
LaTeX Font Info:    Checking defaults for U/cmr/m/n on input line 54.
LaTeX Font Info:    ... okay on input line 54.
LaTeX Font Info:    Checking defaults for PD1/pdf/m/n on input line 54.
LaTeX Font Info:    ... okay on input line 54.
LaTeX Font Info:    Checking defaults for PU/pdf/m/n on input line 54.
LaTeX Font Info:    ... okay on input line 54.

(/usr/share/texlive/texmf-dist/tex/context/base/mkii/supp-pdf.mkii
[Loading MPS to PDF converter (version 2006.09.02).]
\scratchcounter=\count312
\scratchdimen=\dimen188
\scratchbox=\box66
\nofMPsegments=\count313
\nofMParguments=\count314
\everyMPshowfont=\toks36
\MPscratchCnt=\count315
\MPscratchDim=\dimen189
\MPnumerator=\count316
\makeMPintoPDFobject=\count317
\everyMPtoPDFconversion=\toks37
) (/usr/share/texlive/texmf-dist/tex/latex/epstopdf-pkg/epstopdf-base.sty
Package: epstopdf-base 2020-01-24 v2.11 Base part for package epstopdf
Package epstopdf-base Info: Redefining graphics rule for `.eps' on input line 4
85.

(/usr/share/texlive/texmf-dist/tex/latex/latexconfig/epstopdf-sys.cfg
File: epstopdf-sys.cfg 2010/07/13 v1.3 Configuration of (r)epstopdf for TeX Liv
e
))
Package hyperref Info: Link coloring ON on input line 54.

(./artigo.out) (./artigo.out)
\@outlinefile=\write4
\openout4 = `artigo.out'.

Package caption Info: Begin \AtBeginDocument code.
Package caption Info: subfig package v1.3 is loaded.
Package caption Info: float package is loaded.
Package caption Info: rotating package is loaded.
Package caption Info: End \AtBeginDocument code.
LaTeX Font Info:    Trying to load font information for U+msa on input line 75.


(/usr/share/texlive/texmf-dist/tex/latex/amsfonts/umsa.fd
File: umsa.fd 2013/01/14 v3.01 AMS symbols A
)
LaTeX Font Info:    Trying to load font information for U+msb on input line 75.


(/usr/share/texlive/texmf-dist/tex/latex/amsfonts/umsb.fd
File: umsb.fd 2013/01/14 v3.01 AMS symbols B
)
LaTeX Font Info:    Trying to load font information for T1+cmtt on input line 7
8.

(/usr/share/texlive/texmf-dist/tex/latex/base/t1cmtt.fd
File: t1cmtt.fd 2023/04/13 v2.5m Standard LaTeX font definitions
)
Overfull \hbox (2.22168pt too wide) has occurred while \output is active
[] 
 []


Package hyperref Warning: Token not allowed in a PDF string (Unicode):
(hyperref)                removing `\<def>-command' on input line 86.


Package hyperref Warning: Token not allowed in a PDF string (Unicode):
(hyperref)                removing `\cnotenum' on input line 86.


Package hyperref Warning: Token not allowed in a PDF string (Unicode):
(hyperref)                removing `\<def>-command' on input line 86.


Package hyperref Warning: Token not allowed in a PDF string (Unicode):
(hyperref)                removing `\@corref' on input line 86.


Package hyperref Warning: Token not allowed in a PDF string (Unicode):
(hyperref)                removing `\<def>-command' on input line 86.


Package hyperref Warning: Token not allowed in a PDF string (Unicode):
(hyperref)                removing `\cnotenum' on input line 86.


Package hyperref Warning: Token not allowed in a PDF string (Unicode):
(hyperref)                removing `\<def>-command' on input line 86.


Package hyperref Warning: Token not allowed in a PDF string (Unicode):
(hyperref)                removing `\@corref' on input line 86.

[1


{/var/lib/texmf/fonts/map/pdftex/updmap/pdftex.map}{/usr/share/texmf/fonts/enc/
dvips/cm-super/cm-super-t1.enc}]
Overfull \hbox (5.437pt too wide) in paragraph at lines 96--97
[][][][]\T1/cmr/bx/n/10 SEPARAR AS CI-TA-ÇÕES PARA FA-ZER MAIS SEN-TIDO CADA
 []

[2] [3{/usr/share/texmf/fonts/enc/dvips/cm-super/cm-super-ts1.enc}] [4]
[5] [6] [7] [8] [9]
Overfull \hbox (13.24106pt too wide) in paragraph at lines 201--202
\T1/cmr/m/n/10 realizou-se a se-le-ção das três pri-mei-ras ima-gens po-dendo s
er ($[]\OML/cmm/m/it/10 ; []; []$\T1/cmr/m/n/10 )
 []


Overfull \hbox (22.86597pt too wide) in paragraph at lines 201--202
\T1/cmr/m/n/10 men-tado. Pa-drões con-tendo dois di-ag-nós-ti-cos pós-conversão
 (ex: $[]\OML/cmm/m/it/10 ; []; []$\T1/cmr/m/n/10 )
 []

[10]
LaTeX Font Info:    Font shape `T1/cmtt/bx/n' in size <8> not available
(Font)              Font shape `T1/cmtt/m/n' tried instead on input line 270.
 [11] [12]
<graphics/diagrama.pdf, id=355, 525.965pt x 155.58125pt>
File: graphics/diagrama.pdf Graphic file (type pdf)
<use graphics/diagrama.pdf>
Package pdftex.def Info: graphics/diagrama.pdf  used on input line 318.
(pdftex.def)             Requested size: 345.0pt x 102.05482pt.
 [13]
Overfull \hbox (29.46411pt too wide) in paragraph at lines 327--328
\T1/cmr/m/n/10 ri-ci-a-ni-ano [][]Man-jón et al.[][] ([][]2010[][]), im-ple-men
-tado atra-vés da fun-ção \T1/cmtt/m/n/10 ants.denoise_image\T1/cmr/m/n/10 .
 []


Overfull \hbox (68.89893pt too wide) in paragraph at lines 329--330
\T1/cmtt/m/n/10 ants.n4_bias_field_correction\T1/cmr/m/n/10 , con-fi-gu-rado co
m \T1/cmtt/m/n/10 shrink_factor=3\T1/cmr/m/n/10 , \T1/cmtt/m/n/10 convergence={
iters:
 []

[14 <./graphics/diagrama.pdf>]
Overfull \hbox (60.90088pt too wide) in paragraph at lines 333--334
\T1/cmtt/m/n/10 antspynet.desikan_killiany_tourville_labeling [][]\T1/cmr/m/n/1
0 Tus-ti-son et al.[][] ([][]2021[][]) (\T1/cmtt/m/n/10 modality="t1"\T1/cmr/m/
n/10 ,
 []

[15] [16]
Overfull \hbox (91.36932pt too wide) in paragraph at lines 356--358
[]\T1/cmr/m/n/10 Forma, tex-tura e pri-meira or-dem extraem-se com Py-Ra-di-o-m
ics ver-são \T1/cmtt/m/n/10 3.1.1.dev111+g8ed579383
 []


Underfull \hbox (badness 2671) in paragraph at lines 366--366
\T1/cmr/m/n/8 omi-tido na co-luna de no-mes para le-gi-bi-li-dade; no CSV o nom
e com-pleto in-clui
 []


Underfull \hbox (badness 10000) in paragraph at lines 375--379
[]\T1/cmtt/m/n/9 10Percentile\T1/cmr/m/n/9 , \T1/cmtt/m/n/9 90Percentile\T1/cmr
/m/n/9 , \T1/cmtt/m/n/9 Entropy\T1/cmr/m/n/9 ,
 []


Underfull \hbox (badness 3884) in paragraph at lines 375--379
\T1/cmtt/m/n/9 InterquartileRange\T1/cmr/m/n/9 , \T1/cmtt/m/n/9 Kurtosis\T1/cmr
/m/n/9 , \T1/cmtt/m/n/9 Maximum\T1/cmr/m/n/9 , \T1/cmtt/m/n/9 Mean\T1/cmr/m/n/9
 ,
 []


Underfull \hbox (badness 5374) in paragraph at lines 375--379
\T1/cmtt/m/n/9 RobustMeanAbsoluteDeviation\T1/cmr/m/n/9 , \T1/cmtt/m/n/9 RootMe
anSquared\T1/cmr/m/n/9 ,
 []


Underfull \hbox (badness 6876) in paragraph at lines 382--386
[]\T1/cmtt/m/n/9 SurfaceArea\T1/cmr/m/n/9 , \T1/cmtt/m/n/9 SurfaceVolumeRatio\T
1/cmr/m/n/9 , \T1/cmtt/m/n/9 Sphericity\T1/cmr/m/n/9 ,
 []


Underfull \hbox (badness 10000) in paragraph at lines 382--386
\T1/cmtt/m/n/9 Elongation\T1/cmr/m/n/9 , \T1/cmtt/m/n/9 Flatness\T1/cmr/m/n/9 ,
 \T1/cmtt/m/n/9 LeastAxisLength\T1/cmr/m/n/9 ,
 []


Underfull \hbox (badness 10000) in paragraph at lines 382--386
\T1/cmtt/m/n/9 MajorAxisLength\T1/cmr/m/n/9 , \T1/cmtt/m/n/9 MinorAxisLength\T1
/cmr/m/n/9 ,
 []


Underfull \hbox (badness 10000) in paragraph at lines 389--396
[]\T1/cmtt/m/n/9 Autocorrelation\T1/cmr/m/n/9 , \T1/cmtt/m/n/9 ClusterProminenc
e\T1/cmr/m/n/9 ,
 []


Underfull \hbox (badness 10000) in paragraph at lines 389--396
\T1/cmtt/m/n/9 ClusterShade\T1/cmr/m/n/9 , \T1/cmtt/m/n/9 ClusterTendency\T1/cm
r/m/n/9 , \T1/cmtt/m/n/9 Contrast\T1/cmr/m/n/9 ,
 []


Underfull \hbox (badness 10000) in paragraph at lines 389--396
\T1/cmtt/m/n/9 Correlation\T1/cmr/m/n/9 , \T1/cmtt/m/n/9 DifferenceAverage\T1/c
mr/m/n/9 ,
 []


Underfull \hbox (badness 10000) in paragraph at lines 389--396
\T1/cmtt/m/n/9 DifferenceEntropy\T1/cmr/m/n/9 , \T1/cmtt/m/n/9 DifferenceVarian
ce\T1/cmr/m/n/9 , \T1/cmtt/m/n/9 Id\T1/cmr/m/n/9 ,
 []


Underfull \hbox (badness 2245) in paragraph at lines 389--396
\T1/cmtt/m/n/9 Idm\T1/cmr/m/n/9 , \T1/cmtt/m/n/9 Idmn\T1/cmr/m/n/9 , \T1/cmtt/m
/n/9 Idn\T1/cmr/m/n/9 , \T1/cmtt/m/n/9 Imc1\T1/cmr/m/n/9 , \T1/cmtt/m/n/9 Imc2\
T1/cmr/m/n/9 , \T1/cmtt/m/n/9 InverseVariance\T1/cmr/m/n/9 ,
 []


Underfull \hbox (badness 1701) in paragraph at lines 389--396
\T1/cmtt/m/n/9 JointAverage\T1/cmr/m/n/9 , \T1/cmtt/m/n/9 JointEnergy\T1/cmr/m/
n/9 , \T1/cmtt/m/n/9 JointEntropy\T1/cmr/m/n/9 , \T1/cmtt/m/n/9 MCC\T1/cmr/m/n/
9 ,
 []


Underfull \hbox (badness 10000) in paragraph at lines 389--396
\T1/cmtt/m/n/9 MaximumProbability\T1/cmr/m/n/9 , \T1/cmtt/m/n/9 SumAverage\T1/c
mr/m/n/9 , \T1/cmtt/m/n/9 SumEntropy\T1/cmr/m/n/9 ,
 []

[17] [18] [19] [20] [21] [22]
<graphics/nestedcv.pdf, id=503, 454.69875pt x 341.275pt>
File: graphics/nestedcv.pdf Graphic file (type pdf)
<use graphics/nestedcv.pdf>
Package pdftex.def Info: graphics/nestedcv.pdf  used on input line 496.
(pdftex.def)             Requested size: 345.0pt x 258.94467pt.
 [23 <./graphics/nestedcv.pdf>] [24] [25] [26]
[27]
Overfull \hbox (1.33209pt too wide) in paragraph at lines 616--617
\T1/cmr/m/n/10 classe vo-lu-mé-trica, retiveram-se ape-nas as fra-ções te-ci-du
-ais in-trar-re-gi-o-nais (WM,
 []

[28] [29]
LaTeX Font Info:    Font shape `T1/cmtt/bx/n' in size <10> not available
(Font)              Font shape `T1/cmtt/m/n' tried instead on input line 661.
 [30] [31]

LaTeX Warning: Reference `fig:heatmap_smci' on page 32 undefined on input line 
803.


LaTeX Warning: Reference `fig:roc_shape' on page 32 undefined on input line 807
.

<figures/heatmap_smci_pmci_t1.pdf, id=614, 414.99028pt x 244.73494pt>
File: figures/heatmap_smci_pmci_t1.pdf Graphic file (type pdf)
<use figures/heatmap_smci_pmci_t1.pdf>
Package pdftex.def Info: figures/heatmap_smci_pmci_t1.pdf  used on input line 8
14.
(pdftex.def)             Requested size: 345.0pt x 203.46602pt.
<figures/heatmap_smci_pmci_q4.pdf, id=615, 414.99028pt x 244.73494pt>
File: figures/heatmap_smci_pmci_q4.pdf Graphic file (type pdf)
<use figures/heatmap_smci_pmci_q4.pdf>
Package pdftex.def Info: figures/heatmap_smci_pmci_q4.pdf  used on input line 8
21.
(pdftex.def)             Requested size: 345.0pt x 203.46602pt.
<figures/roc_smci_pmci_t1_shape.pdf, id=616, 395.69646pt x 389.4387pt>
File: figures/roc_smci_pmci_t1_shape.pdf Graphic file (type pdf)
<use figures/roc_smci_pmci_t1_shape.pdf>
Package pdftex.def Info: figures/roc_smci_pmci_t1_shape.pdf  used on input line
 828.
(pdftex.def)             Requested size: 345.0pt x 339.54578pt.
<figures/roc_smci_pmci_q4_shape.pdf, id=617, 395.69646pt x 389.4387pt>
File: figures/roc_smci_pmci_q4_shape.pdf Graphic file (type pdf)
<use figures/roc_smci_pmci_q4_shape.pdf>
Package pdftex.def Info: figures/roc_smci_pmci_q4_shape.pdf  used on input line
 835.
(pdftex.def)             Requested size: 345.0pt x 339.54578pt.
<figures/unimodal_t1_vs_q4_48m12.pdf, id=618, 512.77383pt x 280.53183pt>
File: figures/unimodal_t1_vs_q4_48m12.pdf Graphic file (type pdf)
<use figures/unimodal_t1_vs_q4_48m12.pdf>
Package pdftex.def Info: figures/unimodal_t1_vs_q4_48m12.pdf  used on input lin
e 842.
(pdftex.def)             Requested size: 345.0pt x 188.75153pt.
[32] [33 <./figures/heatmap_smci_pmci_t1.pdf> <./figures/heatmap_smci_pmci_q4.p
df>] [34 <./figures/roc_smci_pmci_t1_shape.pdf>] [35 <./figures/roc_smci_pmci_q
4_shape.pdf>]
<figures/cohort_encoding_vs_t1_modalities.pdf, id=847, 1293.28984pt x 300.94759
pt>
File: figures/cohort_encoding_vs_t1_modalities.pdf Graphic file (type pdf)
<use figures/cohort_encoding_vs_t1_modalities.pdf>
Package pdftex.def Info: figures/cohort_encoding_vs_t1_modalities.pdf  used on 
input line 891.
(pdftex.def)             Requested size: 345.0pt x 80.27881pt.
 [36 <./figures/unimodal_t1_vs_q4_48m12.pdf> <./figures/cohort_encoding_vs_t1_m
odalities.pdf>] [37]
<figures/fusion_vs_ceilings_48m12.pdf, id=960, 483.92543pt x 295.75809pt>
File: figures/fusion_vs_ceilings_48m12.pdf Graphic file (type pdf)
<use figures/fusion_vs_ceilings_48m12.pdf>
Package pdftex.def Info: figures/fusion_vs_ceilings_48m12.pdf  used on input li
ne 919.
(pdftex.def)             Requested size: 234.59747pt x 143.3748pt.
 [38 <./figures/fusion_vs_ceilings_48m12.pdf>]
Overfull \hbox (0.6572pt too wide) in paragraph at lines 988--993
[]\T1/cmr/m/n/10 Em \T1/cmtt/m/n/10 48m_12m\T1/cmr/m/n/10 : clí-nico (sexo, ida
de, MMSE, ADAS, FAQ) $\OT1/cmr/m/n/10 0\OML/cmm/m/it/10 :\OT1/cmr/m/n/10 812$\T
1/cmr/m/n/10 ; clínico$\OT1/cmr/m/n/10 +$\T1/cmr/m/n/10 shape
 []

[39]

LaTeX Warning: Reference `fig:cn_ad' on page 40 undefined on input line 994.

<figures/heatmap_cn_ad.pdf, id=1006, 414.99028pt x 244.73494pt>
File: figures/heatmap_cn_ad.pdf Graphic file (type pdf)
<use figures/heatmap_cn_ad.pdf>
Package pdftex.def Info: figures/heatmap_cn_ad.pdf  used on input line 1001.
(pdftex.def)             Requested size: 345.0pt x 203.46602pt.
<figures/roc_cn_ad.pdf, id=1007, 395.69646pt x 389.4387pt>
File: figures/roc_cn_ad.pdf Graphic file (type pdf)
<use figures/roc_cn_ad.pdf>
Package pdftex.def Info: figures/roc_cn_ad.pdf  used on input line 1008.
(pdftex.def)             Requested size: 345.0pt x 339.54578pt.

Overfull \hbox (51.59273pt too wide) in paragraph at lines 1025--1090
 [][] 
 []

[40] [41] [42 <./figures/heatmap_cn_ad.pdf>] [43 <./figures/roc_cn_ad.pdf>]
[44

]
Overfull \hbox (83.92917pt too wide) in paragraph at lines 1191--1192
\T1/cmr/m/n/10 forma, vo-lume e tex-tura (\T1/cmtt/m/n/10 late__t1_d21d32_vol__
t1_d21d32_shape__t1_d21d32_texture\T1/cmr/m/n/10 ),
 []

[45]
Overfull \hbox (55.18619pt too wide) in paragraph at lines 1197--1198
\T1/cmr/m/n/10 (\T1/cmtt/m/n/10 late__t1_shape__t1_d21d32_vol__t1_d21d32_textur
e__t1_d21d32_firstorder\T1/cmr/m/n/10 )
 []

[46] [47] [48] (./artigo.bbl [49] [50] [51] [52] [53]) [54] (./artigo.aux)
 ***********
LaTeX2e <2023-11-01> patch level 1
L3 programming layer <2024-01-22>
 ***********


LaTeX Warning: There were undefined references.

Package rerunfilecheck Info: File `artigo.out' has not changed.
(rerunfilecheck)             Checksum: 105D386D847401EEAFF49C6127E01C9E;9903.
 ) 
Here is how much of TeX's memory you used:
 14885 strings out of 474222
 237692 string characters out of 5748733
 1961975 words of memory out of 5000000
 36693 multiletter control sequences out of 15000+600000
 581478 words of font info for 101 fonts, out of 8000000 for 9000
 1141 hyphenation exceptions out of 8191
 75i,17n,79p,4091b,653s stack positions out of 10000i,1000n,20000p,200000b,200000s
</usr/share/texlive/texmf-dist/fonts/type1/public/amsfonts/cm/cmbx10.pfb></us
r/share/texlive/texmf-dist/fonts/type1/public/amsfonts/cm/cmbx8.pfb></usr/share
/texlive/texmf-dist/fonts/type1/public/amsfonts/cm/cmex10.pfb></usr/share/texli
ve/texmf-dist/fonts/type1/public/amsfonts/cm/cmmi10.pfb></usr/share/texlive/tex
mf-dist/fonts/type1/public/amsfonts/cm/cmmi5.pfb></usr/share/texlive/texmf-dist
/fonts/type1/public/amsfonts/cm/cmmi7.pfb></usr/share/texlive/texmf-dist/fonts/
type1/public/amsfonts/cm/cmmi8.pfb></usr/share/texlive/texmf-dist/fonts/type1/p
ublic/amsfonts/cm/cmmi9.pfb></usr/share/texlive/texmf-dist/fonts/type1/public/a
msfonts/cm/cmmib10.pfb></usr/share/texlive/texmf-dist/fonts/type1/public/amsfon
ts/cmextra/cmmib7.pfb></usr/share/texlive/texmf-dist/fonts/type1/public/amsfont
s/cm/cmr10.pfb></usr/share/texlive/texmf-dist/fonts/type1/public/amsfonts/cm/cm
r5.pfb></usr/share/texlive/texmf-dist/fonts/type1/public/amsfonts/cm/cmr6.pfb><
/usr/share/texlive/texmf-dist/fonts/type1/public/amsfonts/cm/cmr7.pfb></usr/sha
re/texlive/texmf-dist/fonts/type1/public/amsfonts/cm/cmr8.pfb></usr/share/texli
ve/texmf-dist/fonts/type1/public/amsfonts/cm/cmsy10.pfb></usr/share/texlive/tex
mf-dist/fonts/type1/public/amsfonts/cm/cmsy5.pfb></usr/share/texlive/texmf-dist
/fonts/type1/public/amsfonts/cm/cmsy6.pfb></usr/share/texlive/texmf-dist/fonts/
type1/public/amsfonts/cm/cmsy7.pfb></usr/share/texlive/texmf-dist/fonts/type1/p
ublic/amsfonts/cm/cmsy8.pfb></usr/share/texlive/texmf-dist/fonts/type1/public/a
msfonts/cm/cmtt10.pfb></usr/share/texlive/texmf-dist/fonts/type1/public/amsfont
s/symbols/msbm10.pfb></usr/share/texmf/fonts/type1/public/cm-super/sfbi1000.pfb
></usr/share/texmf/fonts/type1/public/cm-super/sfbx0800.pfb></usr/share/texmf/f
onts/type1/public/cm-super/sfbx1000.pfb></usr/share/texmf/fonts/type1/public/cm
-super/sfit1000.pfb></usr/share/texmf/fonts/type1/public/cm-super/sfrm0700.pfb>
</usr/share/texmf/fonts/type1/public/cm-super/sfrm0800.pfb></usr/share/texmf/fo
nts/type1/public/cm-super/sfrm0900.pfb></usr/share/texmf/fonts/type1/public/cm-
super/sfrm1000.pfb></usr/share/texmf/fonts/type1/public/cm-super/sfrm1440.pfb><
/usr/share/texmf/fonts/type1/public/cm-super/sfti0600.pfb></usr/share/texmf/fon
ts/type1/public/cm-super/sfti0700.pfb></usr/share/texmf/fonts/type1/public/cm-s
uper/sfti0800.pfb></usr/share/texmf/fonts/type1/public/cm-super/sfti1000.pfb></
usr/share/texmf/fonts/type1/public/cm-super/sftt0800.pfb></usr/share/texmf/font
s/type1/public/cm-super/sftt0900.pfb></usr/share/texmf/fonts/type1/public/cm-su
per/sftt1000.pfb>
Output written on artigo.pdf (54 pages, 1218379 bytes).
PDF statistics:
 1464 PDF objects out of 1728 (max. 8388607)
 906 compressed objects within 10 object streams
 186 named destinations out of 1000 (max. 500000)
 408 words of extra memory for PDF output out of 10000 (max. 10000000)

