\BOOKMARK [1][-]{section.1}{\376\377\000I\000n\000t\000r\000o\000d\000u\000\347\000\343\000o}{}% 1
\BOOKMARK [2][-]{subsection.1.1}{\376\377\000T\000r\000a\000b\000a\000l\000h\000o\000s\000\040\000r\000e\000l\000a\000c\000i\000o\000n\000a\000d\000o\000s}{section.1}% 2
\BOOKMARK [1][-]{section.2}{\376\377\000M\000a\000t\000e\000r\000i\000a\000l\000\040\000a\000n\000d\000\040\000M\000e\000t\000h\000o\000d\000s}{}% 3
\BOOKMARK [2][-]{subsubsection.2.0.1}{\376\377\000F\000o\000r\000m\000a\000\347\000\343\000o\000\040\000d\000o\000s\000\040\000c\000o\000n\000j\000u\000n\000t\000o\000s}{section.2}% 4
\BOOKMARK [3][-]{subsubsection.2.0.2}{\376\377\000C\000o\000o\000r\000t\000e\000s\000\040\000d\000e\000\040\000e\000s\000t\000u\000d\000o}{subsubsection.2.0.1}% 5
\BOOKMARK [2][-]{subsection.2.1}{\376\377\000R\000e\000p\000r\000e\000s\000e\000n\000t\000a\000\347\000\343\000o\000\040\000l\000o\000n\000g\000i\000t\000u\000d\000i\000n\000a\000l}{section.2}% 6
\BOOKMARK [2][-]{subsection.2.2}{\376\377\000P\000r\000\351\000-\000p\000r\000o\000c\000e\000s\000s\000a\000m\000e\000n\000t\000o}{section.2}% 7
\BOOKMARK [2][-]{subsection.2.3}{\376\377\000D\000e\000f\000i\000n\000i\000\347\000\343\000o\000\040\000d\000a\000\040\000c\000o\000o\000r\000t\000e}{section.2}% 8
\BOOKMARK [2][-]{subsection.2.4}{\376\377\000C\000o\000n\000s\000t\000r\000u\000\347\000\343\000o\000\040\000d\000e\000\040\000t\000e\000m\000p\000l\000a\000t\000e\000s\000\040\000g\000r\000o\000u\000p\000w\000i\000s\000e\000\040\000e\000s\000t\000r\000a\000t\000i\000f\000i\000c\000a\000d\000o\000s}{section.2}% 9
\BOOKMARK [2][-]{subsection.2.5}{\376\377\000R\000e\000g\000i\000s\000t\000r\000o\000\040\000n\000o\000r\000m\000a\000t\000i\000v\000o\000\040\000v\000i\000s\000i\000t\000a\000\040\000a\000\040\000v\000i\000s\000i\000t\000a}{section.2}% 10
\BOOKMARK [2][-]{subsection.2.6}{\376\377\000E\000x\000t\000r\000a\000\347\000\343\000o\000\040\000d\000e\000\040\000a\000t\000r\000i\000b\000u\000t\000o\000s}{section.2}% 11
\BOOKMARK [3][-]{subsubsection.2.6.1}{\376\377\000A\000t\000r\000i\000b\000u\000t\000o\000s\000\040\000v\000o\000l\000u\000m\000\351\000t\000r\000i\000c\000o\000s}{subsection.2.6}% 12
\BOOKMARK [3][-]{subsubsection.2.6.2}{\376\377\000A\000t\000r\000i\000b\000u\000t\000o\000s\000\040\000r\000a\000d\000i\000\363\000m\000i\000c\000o\000s\000\040\000\050\000P\000y\000R\000a\000d\000i\000o\000m\000i\000c\000s\000\051}{subsection.2.6}% 13
\BOOKMARK [3][-]{subsubsection.2.6.3}{\376\377\000A\000t\000r\000i\000b\000u\000t\000o\000s\000\040\000r\000a\000d\000i\000\363\000m\000i\000c\000o\000s\000\040\000\050\000P\000y\000R\000a\000d\000i\000o\000m\000i\000c\000s\000\051}{subsection.2.6}% 14
\BOOKMARK [3][-]{subsubsection.2.6.4}{\376\377\000A\000t\000r\000i\000b\000u\000t\000o\000s\000\040\000d\000e\000\040\000d\000e\000s\000l\000o\000c\000a\000m\000e\000n\000t\000o}{subsection.2.6}% 15
\BOOKMARK [2][-]{subsection.2.7}{\376\377\000R\000e\000p\000r\000e\000s\000e\000n\000t\000a\000\347\000\365\000e\000s\000\040\000t\000e\000m\000p\000o\000r\000a\000i\000s}{section.2}% 16
\BOOKMARK [2][-]{subsection.2.8}{\376\377\000D\000e\000s\000e\000n\000h\000o\000\040\000e\000x\000p\000e\000r\000i\000m\000e\000n\000t\000a\000l}{section.2}% 17
\BOOKMARK [3][-]{subsubsection.2.8.1}{\376\377\000M\000\351\000t\000r\000i\000c\000a\000\040\000p\000r\000i\000m\000\341\000r\000i\000a\000\040\000e\000\040\000e\000s\000t\000i\000m\000a\000d\000o\000r\000e\000s\000\040\000d\000e\000\040\000A\000U\000C}{subsection.2.8}% 18
\BOOKMARK [3][-]{subsubsection.2.8.2}{\376\377\000M\000\351\000t\000r\000i\000c\000a\000s\000\040\000d\000e\000\040\000a\000v\000a\000l\000i\000a\000\347\000\343\000o}{subsection.2.8}% 19
\BOOKMARK [3][-]{subsubsection.2.8.3}{\376\377\000C\000l\000a\000s\000s\000i\000f\000i\000c\000a\000d\000o\000r\000e\000s\000\040\000e\000\040\000a\000n\000\341\000l\000i\000s\000e\000s\000\040\000c\000o\000m\000p\000a\000r\000a\000t\000i\000v\000a\000s}{subsection.2.8}% 20
\BOOKMARK [2][-]{subsection.2.9}{\376\377\000V\000a\000l\000i\000d\000a\000\347\000\343\000o\000\040\000a\000n\000i\000n\000h\000a\000d\000a\000\040\000n\000o\000\040\000p\000a\000c\000i\000e\000n\000t\000e}{section.2}% 21
\BOOKMARK [2][-]{subsection.2.10}{\376\377\000V\000a\000l\000i\000d\000a\000\347\000\343\000o\000\040\000a\000n\000i\000n\000h\000a\000d\000a\000\040\000a\000o\000\040\000n\000\355\000v\000e\000l\000\040\000d\000o\000\040\000p\000a\000c\000i\000e\000n\000t\000e\000\040\000e\000\040\000\342\000m\000b\000i\000t\000o\000\040\000d\000o\000\040\000a\000j\000u\000s\000t\000e\000\040\000p\000o\000r\000\040\000f\000o\000l\000d}{section.2}% 22
\BOOKMARK [2][-]{subsection.2.11}{\376\377\000N\000o\000r\000m\000a\000l\000i\000z\000a\000\347\000\343\000o\000\040\000e\000\040\000s\000e\000l\000e\000c\000\347\000\343\000o\000\040\000d\000e\000\040\000a\000t\000r\000i\000b\000u\000t\000o\000s}{section.2}% 23
\BOOKMARK [2][-]{subsection.2.12}{\376\377\000S\000e\000l\000e\000c\000\347\000\343\000o\000\040\000d\000e\000\040\000a\000t\000r\000i\000b\000u\000t\000o\000s\000\040\000\050\000l\0001\000\137\000s\000t\000a\000b\000l\000e\000\051}{section.2}% 24
\BOOKMARK [2][-]{subsection.2.13}{\376\377\000P\000r\000o\000t\000o\000c\000o\000l\000o\000\040\000d\000e\000\040\000m\000o\000d\000e\000l\000a\000g\000e\000m}{section.2}% 25
\BOOKMARK [2][-]{subsection.2.14}{\376\377\000F\000u\000s\000\343\000o\000\040\000m\000u\000l\000t\000i\000m\000o\000d\000a\000l\000\040\000e\000\040\000p\000r\000e\000d\000i\000t\000o\000r\000e\000s\000\040\000c\000l\000\355\000n\000i\000c\000o\000s}{section.2}% 26
\BOOKMARK [2][-]{subsection.2.15}{\376\377\000M\000\351\000t\000r\000i\000c\000a\000\040\000p\000r\000i\000m\000\341\000r\000i\000a\000\040\000e\000\040\000p\000a\000p\000\351\000i\000s\000\040\000d\000o\000\040\000b\000o\000o\000t\000s\000t\000r\000a\000p}{section.2}% 27
\BOOKMARK [2][-]{subsection.2.16}{\376\377\000T\000e\000s\000t\000e\000s\000\040\000e\000s\000t\000a\000t\000\355\000s\000t\000i\000c\000o\000s}{section.2}% 28
\BOOKMARK [1][-]{section.3}{\376\377\000R\000e\000s\000u\000l\000t\000a\000d\000o\000s}{}% 29
\BOOKMARK [2][-]{subsection.3.1}{\376\377\000D\000e\000m\000o\000g\000r\000a\000f\000i\000a}{section.3}% 30
\BOOKMARK [2][-]{subsection.3.2}{\376\377\000U\000n\000i\000c\000l\000a\000s\000s\000e\000:\000\040\000Q\0004\000\040\000v\000e\000r\000s\000u\000s\000\040\000t\0001\000\137\000o\000n\000l\000y\000\040\000n\000a\000s\000\040\000q\000u\000a\000t\000r\000o\000\040\000c\000o\000o\000r\000t\000e\000s}{section.3}% 31
\BOOKMARK [2][-]{subsection.3.3}{\376\377\000Q\000u\000a\000n\000t\000o\000s\000\040\000e\000\040\000q\000u\000a\000i\000s\000\040\000a\000t\000r\000i\000b\000u\000t\000o\000s}{section.3}% 32
\BOOKMARK [2][-]{subsection.3.4}{\376\377\000M\000u\000l\000t\000i\000m\000o\000d\000a\000l\000:\000\040\000f\000u\000s\000\343\000o\000\040\000t\000a\000r\000d\000i\000a\000\040\000n\000a\000s\000\040\000q\000u\000a\000t\000r\000o\000\040\000c\000o\000o\000r\000t\000e\000s}{section.3}% 33
\BOOKMARK [2][-]{subsection.3.5}{\376\377\000C\000l\000\355\000n\000i\000c\000o\000,\000\040\000s\000a\000n\000i\000d\000a\000d\000e\000\040\000e\000\040\000l\000i\000t\000e\000r\000a\000t\000u\000r\000a}{section.3}% 34
\BOOKMARK [1][-]{section.4}{\376\377\000D\000i\000s\000c\000u\000s\000s\000\343\000o}{}% 35
\BOOKMARK [1][-]{section.5}{\376\377\000L\000i\000m\000i\000t\000a\000\347\000\365\000e\000s}{}% 36
\BOOKMARK [1][-]{section.6}{\376\377\000C\000o\000n\000c\000l\000u\000s\000\365\000e\000s}{}% 37
